stm32l4xx_hal_rtc_ex.c:169:19:HAL_RTCEx_SetTimeStamp	32	static
stm32l4xx_hal_rtc_ex.c:228:19:HAL_RTCEx_SetTimeStamp_IT	32	static
stm32l4xx_hal_rtc_ex.c:280:19:HAL_RTCEx_DeactivateTimeStamp	24	static
stm32l4xx_hal_rtc_ex.c:318:19:HAL_RTCEx_SetInternalTimeStamp	16	static
stm32l4xx_hal_rtc_ex.c:348:19:HAL_RTCEx_DeactivateInternalTimeStamp	16	static
stm32l4xx_hal_rtc_ex.c:448:19:HAL_RTCEx_GetTimeStamp	32	static
stm32l4xx_hal_rtc_ex.c:575:6:HAL_RTCEx_TamperTimeStampIRQHandler	16	static
stm32l4xx_hal_rtc_ex.c:662:13:HAL_RTCEx_TimeStampEventCallback	16	static
stm32l4xx_hal_rtc_ex.c:678:19:HAL_RTCEx_PollForTimeStampEvent	24	static
stm32l4xx_hal_rtc_ex.c:736:19:HAL_RTCEx_SetWakeUpTimer	32	static
stm32l4xx_hal_rtc_ex.c:821:19:HAL_RTCEx_SetWakeUpTimer_IT	32	static
stm32l4xx_hal_rtc_ex.c:930:19:HAL_RTCEx_DeactivateWakeUpTimer	24	static
stm32l4xx_hal_rtc_ex.c:982:10:HAL_RTCEx_GetWakeUpTimer	16	static
stm32l4xx_hal_rtc_ex.c:993:6:HAL_RTCEx_WakeUpTimerIRQHandler	16	static
stm32l4xx_hal_rtc_ex.c:1030:13:HAL_RTCEx_WakeUpTimerEventCallback	16	static
stm32l4xx_hal_rtc_ex.c:1047:19:HAL_RTCEx_PollForWakeUpTimerEvent	24	static
stm32l4xx_hal_rtc_ex.c:1124:19:HAL_RTCEx_SetSmoothCalib	32	static
stm32l4xx_hal_rtc_ex.c:1239:19:HAL_RTCEx_SetSynchroShift	32	static
stm32l4xx_hal_rtc_ex.c:1336:19:HAL_RTCEx_SetCalibrationOutPut	16	static
stm32l4xx_hal_rtc_ex.c:1374:19:HAL_RTCEx_DeactivateCalibrationOutPut	16	static
stm32l4xx_hal_rtc_ex.c:1403:19:HAL_RTCEx_SetRefClock	24	static
stm32l4xx_hal_rtc_ex.c:1444:19:HAL_RTCEx_DeactivateRefClock	24	static
stm32l4xx_hal_rtc_ex.c:1487:19:HAL_RTCEx_EnableBypassShadow	16	static
stm32l4xx_hal_rtc_ex.c:1519:19:HAL_RTCEx_DisableBypassShadow	16	static
stm32l4xx_hal_rtc_ex.c:1672:13:HAL_RTCEx_AlarmBEventCallback	16	static
stm32l4xx_hal_rtc_ex.c:1688:19:HAL_RTCEx_PollForAlarmBEvent	24	static
stm32l4xx_hal_rtc_ex.c:1820:19:HAL_RTCEx_SetTamper	24	static
stm32l4xx_hal_rtc_ex.c:1984:19:HAL_RTCEx_SetTamper_IT	24	static
stm32l4xx_hal_rtc_ex.c:2113:19:HAL_RTCEx_DeactivateTamper	16	static
stm32l4xx_hal_rtc_ex.c:2162:19:HAL_RTCEx_PollForTamper1Event	24	static
stm32l4xx_hal_rtc_ex.c:2195:19:HAL_RTCEx_PollForTamper2Event	24	static
stm32l4xx_hal_rtc_ex.c:2228:19:HAL_RTCEx_PollForTamper3Event	24	static
stm32l4xx_hal_rtc_ex.c:2263:13:HAL_RTCEx_Tamper1EventCallback	16	static
stm32l4xx_hal_rtc_ex.c:2279:13:HAL_RTCEx_Tamper2EventCallback	16	static
stm32l4xx_hal_rtc_ex.c:2295:13:HAL_RTCEx_Tamper3EventCallback	16	static
stm32l4xx_hal_rtc_ex.c:2340:6:HAL_RTCEx_BKUPWrite	32	static
stm32l4xx_hal_rtc_ex.c:2373:10:HAL_RTCEx_BKUPRead	24	static
