stm32l4xx_hal_rtc.c:246:19:HAL_RTC_Init	24	static
stm32l4xx_hal_rtc.c:379:19:HAL_RTC_DeInit	24	static
stm32l4xx_hal_rtc.c:695:13:HAL_RTC_MspInit	16	static
stm32l4xx_hal_rtc.c:710:13:HAL_RTC_MspDeInit	16	static
stm32l4xx_hal_rtc.c:1442:19:HAL_RTC_SetTime	40	static
stm32l4xx_hal_rtc.c:1552:19:HAL_RTC_GetTime	32	static
stm32l4xx_hal_rtc.c:1596:19:HAL_RTC_SetDate	40	static
stm32l4xx_hal_rtc.c:1680:19:HAL_RTC_GetDate	32	static
stm32l4xx_hal_rtc.c:1734:19:HAL_RTC_SetAlarm	48	static
stm32l4xx_hal_rtc.c:1921:19:HAL_RTC_SetAlarm_IT	48	static
stm32l4xx_hal_rtc.c:2111:19:HAL_RTC_DeactivateAlarm	24	static
stm32l4xx_hal_rtc.c:2213:19:HAL_RTC_GetAlarm	32	static
stm32l4xx_hal_rtc.c:2275:6:HAL_RTC_DST_Add1Hour	16	static
stm32l4xx_hal_rtc.c:2289:6:HAL_RTC_DST_Sub1Hour	16	static
stm32l4xx_hal_rtc.c:2303:6:HAL_RTC_DST_SetStoreOperation	16	static
stm32l4xx_hal_rtc.c:2316:6:HAL_RTC_DST_ClearStoreOperation	16	static
stm32l4xx_hal_rtc.c:2329:10:HAL_RTC_DST_ReadStoreOperation	16	static
stm32l4xx_hal_rtc.c:2340:6:HAL_RTC_AlarmIRQHandler	16	static
stm32l4xx_hal_rtc.c:2421:13:HAL_RTC_AlarmAEventCallback	16	static
stm32l4xx_hal_rtc.c:2437:19:HAL_RTC_PollForAlarmAEvent	24	static
stm32l4xx_hal_rtc.c:2496:19:HAL_RTC_WaitForSynchro	24	static
stm32l4xx_hal_rtc.c:2548:21:HAL_RTC_GetState	16	static
stm32l4xx_hal_rtc.c:2572:19:RTC_EnterInitMode	24	static
stm32l4xx_hal_rtc.c:2622:19:RTC_ExitInitMode	24	static
stm32l4xx_hal_rtc.c:2666:9:RTC_ByteToBcd2	24	static
stm32l4xx_hal_rtc.c:2685:9:RTC_Bcd2ToByte	24	static
